
> job-finder@0.1.0 start
> react-scripts start

Starting the development server...

Compiled successfully!

You can now view job-finder in the browser.

  Local:            http://localhost:3000
  On Your Network:  http://192.168.1.29:3000

Note that the development build is not optimized.
To create a production build, use npm run build.

webpack compiled [1m[32msuccessfully[39m[22m
[proxy] → TheirStack request: {
  "page": 0,
  "limit": 25,
  "posted_at_max_age_days": 30,
  "job_location_pattern_or": [
    "Zimbabwe, Remote"
  ]
}
[proxy] ← TheirStack responded 200: {"metadata":{"total_results":null,"truncated_results":0,"truncated_companies":0,"total_companies":null},"data":[]}
[proxy] → TheirStack request: {
  "page": 0,
  "limit": 25,
  "posted_at_max_age_days": 30,
  "job_location_pattern_or": [
    "Zimbabwe, Remote"
  ]
}
[proxy] ← TheirStack responded 200: {"metadata":{"total_results":null,"truncated_results":0,"truncated_companies":0,"total_companies":null},"data":[]}
[proxy] → TheirStack request: {
  "page": 0,
  "limit": 25,
  "posted_at_max_age_days": 30,
  "job_location_pattern_or": [
    "Remote"
  ]
}
[proxy] ← TheirStack responded 200: {"metadata":{"total_results":null,"truncated_results":0,"truncated_companies":0,"total_companies":null},"data":[{"id":796155850,"job_title":"Account Executive (Full Cycle)","url":"https://jobs.ashbyhq.com/jobber/378345d4-0b72-4811-837c-5bec71b30cb2","date_posted":"2026-08-09","has_blurred_data":fals
[proxy] → TheirStack request: {
  "page": 0,
  "limit": 25,
  "posted_at_max_age_days": 30,
  "job_location_pattern_or": [
    "Zimbabwe, Remote"
  ]
}
[proxy] ← TheirStack responded 200: {"metadata":{"total_results":null,"truncated_results":0,"truncated_companies":0,"total_companies":null},"data":[]}
[proxy] → TheirStack request: {
  "page": 0,
  "limit": 25,
  "posted_at_max_age_days": 30,
  "job_location_pattern_or": [
    "Zimbabwe, Remote"
  ]
}
[proxy] ← TheirStack responded 200: {"metadata":{"total_results":null,"truncated_results":0,"truncated_companies":0,"total_companies":null},"data":[]}
